$ vite build
The plugin "vite-tsconfig-paths" is detected. Vite now supports tsconfig paths resolution natively via the resolve.tsconfigPaths option. You can remove the plugin and set resolve.tsconfigPaths: true in your Vite config instead.
The plugin "vite-tsconfig-paths" is detected. Vite now supports tsconfig paths resolution natively via the resolve.tsconfigPaths option. You can remove the plugin and set resolve.tsconfigPaths: true in your Vite config instead.
The plugin "vite-tsconfig-paths" is detected. Vite now supports tsconfig paths resolution natively via the resolve.tsconfigPaths option. You can remove the plugin and set resolve.tsconfigPaths: true in your Vite config instead.
vite v8.1.5 building client environment for production...
[2K
transforming...✓ 2188 modules transformed.
rendering chunks...
computing gzip size...
dist/client/assets/barlow-vietnamese-500-normal-GNfB7rCE.woff              6.14 kB
dist/client/assets/barlow-vietnamese-800-normal-D0VWpbij.woff              6.21 kB
dist/client/assets/barlow-vietnamese-700-normal-4Jt4k04K.woff              6.22 kB
dist/client/assets/barlow-vietnamese-600-normal-CA_GiK2e.woff              6.22 kB
dist/client/assets/anton-vietnamese-400-normal-2FfR1wHA.woff               6.82 kB
dist/client/assets/jetbrains-mono-vietnamese-wght-normal-Bt-aOZkq.woff2    7.50 kB
dist/client/assets/barlow-vietnamese-500-normal-zTViEIzf.woff2             7.66 kB
dist/client/assets/barlow-vietnamese-700-normal-D6euyNzi.woff2             7.84 kB
dist/client/assets/barlow-vietnamese-600-normal-DcjprdFV.woff2             7.89 kB
dist/client/assets/barlow-vietnamese-800-normal-Cl1Mc_Dv.woff2             7.91 kB
dist/client/assets/anton-vietnamese-400-normal-CkBxLiRJ.woff2              8.68 kB
dist/client/assets/jetbrains-mono-greek-wght-normal-Bw9x6K1M.woff2         9.00 kB
dist/client/assets/inter-vietnamese-wght-normal-CBcvBZtf.woff2            10.25 kB
dist/client/assets/inter-greek-ext-wght-normal-DlzME5K_.woff2             11.23 kB
dist/client/assets/jetbrains-mono-cyrillic-wght-normal-D73BlboJ.woff2     12.10 kB
dist/client/assets/barlow-latin-ext-500-normal-CJPcKP2Q.woff              12.41 kB
dist/client/assets/barlow-latin-ext-800-normal-D7I3yvUw.woff              12.51 kB
dist/client/assets/barlow-latin-ext-700-normal-CctuGmmz.woff              12.59 kB
dist/client/assets/barlow-latin-ext-600-normal-DMVRjfRT.woff              12.60 kB
dist/client/assets/barlow-latin-ext-500-normal-DOaysfXq.woff2             14.41 kB
dist/client/assets/barlow-latin-ext-700-normal-BLuWmldJ.woff2             14.83 kB
dist/client/assets/barlow-latin-ext-600-normal-B8NK_A3D.woff2             14.96 kB
dist/client/assets/barlow-latin-ext-800-normal-BiucknKG.woff2             15.10 kB
dist/client/assets/jetbrains-mono-latin-ext-wght-normal-DBQx-q_a.woff2    15.19 kB
dist/client/assets/anton-latin-400-normal-AUNGEG_V.woff                   15.63 kB
dist/client/assets/anton-latin-400-normal-Byf51wtH.woff2                  18.61 kB
dist/client/assets/inter-cyrillic-wght-normal-DqGufNeO.woff2              18.74 kB
dist/client/assets/inter-greek-wght-normal-CkhJZR-_.woff2                 18.99 kB
dist/client/assets/barlow-latin-500-normal-C1h8hMer.woff                  19.51 kB
dist/client/assets/barlow-latin-800-normal-BdVooDN4.woff                  19.63 kB
dist/client/assets/barlow-latin-700-normal-__SGTsZ1.woff                  19.76 kB
dist/client/assets/barlow-latin-600-normal-CNwfPWQD.woff                  19.88 kB
dist/client/assets/barlow-latin-500-normal-BPAOfeC8.woff2                 22.00 kB
dist/client/assets/barlow-latin-600-normal-DILqtrty.woff2                 22.77 kB
dist/client/assets/barlow-latin-700-normal-A9pxMQ4z.woff2                 22.78 kB
dist/client/assets/barlow-latin-800-normal-s1sAMnoV.woff2                 22.97 kB
dist/client/assets/inter-cyrillic-ext-wght-normal-BOeWTOD4.woff2          25.96 kB
dist/client/assets/anton-latin-ext-400-normal-BMODBQc6.woff               28.07 kB
dist/client/assets/anton-latin-ext-400-normal-SyiqE2Jt.woff2              31.35 kB
dist/client/assets/jetbrains-mono-latin-wght-normal-B9CIFXIH.woff2        40.40 kB
dist/client/assets/inter-latin-wght-normal-Dx4kXJAl.woff2                 48.25 kB
dist/client/assets/inter-latin-ext-wght-normal-DO1Apj_S.woff2             85.06 kB
dist/client/assets/styles-i_AMNhAK.css                                   196.91 kB │ gzip:  33.20 kB
dist/client/assets/arrow-left-C-Jrnij8.js                                  0.16 kB │ gzip:   0.16 kB
dist/client/assets/partner-with-broker-DeuG9vAb.js                         0.18 kB │ gzip:   0.16 kB
dist/client/assets/partner-with-care-provider-BoN2Z2lq.js                  0.18 kB │ gzip:   0.16 kB
dist/client/assets/partner-with-developer-DgGJ9B7b.js                      0.18 kB │ gzip:   0.16 kB
dist/client/assets/partner-with-housing-association-BwqHd8k7.js            0.18 kB │ gzip:   0.16 kB
dist/client/assets/partner-with-investor-i6cESXfQ.js                       0.18 kB │ gzip:   0.16 kB
dist/client/assets/partner-with-landlord-fU3q_k5v.js                       0.18 kB │ gzip:   0.16 kB
dist/client/assets/partner-with-local-authority-bmuswG8U.js                0.18 kB │ gzip:   0.16 kB
dist/client/assets/partner-with-resident-D3k6FFIf.js                       0.18 kB │ gzip:   0.16 kB
dist/client/assets/partner-with-social-worker-CF3QHOBn.js                  0.18 kB │ gzip:   0.16 kB
dist/client/assets/partner-with-support-provider-BBmuY9Av.js               0.18 kB │ gzip:   0.16 kB
dist/client/assets/info-Cd8wBHIw.js                                        0.20 kB │ gzip:   0.17 kB
dist/client/assets/house-DscJLxAI.js                                       0.28 kB │ gzip:   0.21 kB
dist/client/assets/shield-check-cTAwD4W8.js                                0.32 kB │ gzip:   0.25 kB
dist/client/assets/landmark-BB01RgYa.js                                    0.40 kB │ gzip:   0.26 kB
dist/client/assets/hand-heart-CURQm1ZA.js                                  0.49 kB │ gzip:   0.33 kB
dist/client/assets/use-draw-mark-CwPqoge9.js                               0.96 kB │ gzip:   0.65 kB
dist/client/assets/createLucideIcon-CboBAtXu.js                            1.18 kB │ gzip:   0.68 kB
dist/client/assets/register._role-gJyZCeAh.js                              1.53 kB │ gzip:   0.80 kB
dist/client/assets/reveal-ALfmRKVU.js                                      1.65 kB │ gzip:   0.79 kB
dist/client/assets/user-round-DjyRi9gN.js                                  1.72 kB │ gzip:   0.73 kB
dist/client/assets/legal-S1bfDgAO.js                                       2.26 kB │ gzip:   1.00 kB
dist/client/assets/users-D2kikvIZ.js                                       2.51 kB │ gzip:   1.03 kB
dist/client/assets/the-problem-CAq51FVC.js                                 2.54 kB │ gzip:   1.13 kB
dist/client/assets/register.index-DfgxEJ_6.js                              2.81 kB │ gzip:   1.13 kB
dist/client/assets/role-icon-B4EUPrSX.js                                   6.17 kB │ gzip:   2.77 kB
dist/client/assets/preload-helper-CgJ_Avd5.js                              6.24 kB │ gzip:   2.34 kB
dist/client/assets/legal-syT7V2JB.js                                       7.64 kB │ gzip:   1.85 kB
dist/client/assets/solutions-eB_rQOTr.js                                   7.98 kB │ gzip:   2.19 kB
dist/client/assets/partners-9cL7Tq58.js                                    9.22 kB │ gzip:   3.12 kB
dist/client/assets/lenis-SLnaB0gZ.js                                      18.60 kB │ gzip:   5.39 kB
dist/client/assets/partner-page-ltPTv21J.js                               21.40 kB │ gzip:   5.68 kB
dist/client/assets/register._role-aAphm0Va.js                             24.00 kB │ gzip:   7.44 kB
dist/client/assets/about-BivzjgN5.js                                      24.07 kB │ gzip:   7.42 kB
dist/client/assets/link-DM85R-Fp.js                                       26.79 kB │ gzip:   9.83 kB
dist/client/assets/platform-DKfj1wNI.js                                   27.47 kB │ gzip:   8.30 kB
dist/client/assets/partners-BR7mILmH.js                                   27.76 kB │ gzip:   8.34 kB
dist/client/assets/register-DMjBwzmY.js                                   31.75 kB │ gzip:   8.47 kB
dist/client/assets/utils-mEg_cLKy.js                                      35.70 kB │ gzip:  11.83 kB
dist/client/assets/contact-CbyODFGd.js                                    53.56 kB │ gzip:  18.06 kB
dist/client/assets/routes-CwoR1eQ7.js                                    448.53 kB │ gzip: 125.33 kB
dist/client/assets/index-_pcyJ-2E.js                                     508.06 kB │ gzip: 152.48 kB

[PLUGIN_TIMINGS] Your build spent significant time in plugins. Here is a breakdown:
  - vite-tsconfig-paths (64%)
  - tanstack-start-core:import-protection (32%)
  - tanstack-start-core:import-protection-transform-cache (4%)
See https://rolldown.rs/reference/InputOptions.checks#plugintimings for more details.

[plugin builtin:vite-reporter]
(!) Some chunks are larger than 500 kB after minification. Consider:
- Using dynamic import() to code-split the application
- Use build.rolldownOptions.output.codeSplitting to improve chunking: https://rolldown.rs/reference/OutputOptions.codeSplitting
- Adjust chunk size limit for this warning via build.chunkSizeWarningLimit.
✓ built in 5.35s
vite v8.1.5 building ssr environment for production...
[2K
transforming...✓ 160 modules transformed.
rendering chunks...
computing gzip size...
dist/server/assets/utils-C_uf36nf.js                               0.18 kB │ gzip:   0.15 kB
dist/server/assets/partner-with-broker-2JF8BUq0.js                 0.20 kB │ gzip:   0.16 kB
dist/server/assets/partner-with-investor-DjL9TL1y.js               0.20 kB │ gzip:   0.16 kB
dist/server/assets/partner-with-landlord-CCta34a8.js               0.20 kB │ gzip:   0.16 kB
dist/server/assets/partner-with-resident-QCfbZV6M.js               0.20 kB │ gzip:   0.16 kB
dist/server/assets/partner-with-developer-4CzGKf1R.js              0.21 kB │ gzip:   0.16 kB
dist/server/assets/partner-with-care-provider-CsyOQp6v.js          0.21 kB │ gzip:   0.16 kB
dist/server/assets/partner-with-social-worker-ByEK7I7K.js          0.21 kB │ gzip:   0.16 kB
dist/server/assets/partner-with-local-authority-B4UK5i7P.js        0.22 kB │ gzip:   0.16 kB
dist/server/assets/partner-with-support-provider-DGFgmgeD.js       0.22 kB │ gzip:   0.16 kB
dist/server/assets/partner-with-housing-association-B7siXjaP.js    0.23 kB │ gzip:   0.17 kB
dist/server/assets/empty-plugin-adapters-DDsgAx8Z.js               0.24 kB │ gzip:   0.17 kB
dist/server/assets/partner-with-broker-B5dCFcf4.js                 0.36 kB │ gzip:   0.23 kB
dist/server/assets/partner-with-investor-La-AE9s_.js               0.36 kB │ gzip:   0.23 kB
dist/server/assets/partner-with-landlord-DZR0x6aU.js               0.36 kB │ gzip:   0.23 kB
dist/server/assets/partner-with-resident-B_7JV6dY.js               0.36 kB │ gzip:   0.23 kB
dist/server/assets/partner-with-developer-_QUO95Ig.js              0.36 kB │ gzip:   0.23 kB
dist/server/assets/partner-with-care-provider-cnYrO7d1.js          0.37 kB │ gzip:   0.23 kB
dist/server/assets/partner-with-social-worker-CgojqbBY.js          0.37 kB │ gzip:   0.24 kB
dist/server/assets/partner-with-local-authority-E0twGwiq.js        0.38 kB │ gzip:   0.24 kB
dist/server/assets/partner-with-support-provider-DIav6K6C.js       0.38 kB │ gzip:   0.23 kB
dist/server/assets/partner-with-housing-association-8PWGWKXw.js    0.38 kB │ gzip:   0.24 kB
dist/server/assets/pre-release-badge-VqQsojkm.js                   0.88 kB │ gzip:   0.49 kB
dist/server/assets/start-DQQaGfY5.js                               1.59 kB │ gzip:   0.72 kB
dist/server/assets/register._role-BhX4TMm1.js                      1.77 kB │ gzip:   0.81 kB
dist/server/assets/problem-CJmgD2NI.js                             2.32 kB │ gzip:   0.95 kB
dist/server/assets/use-draw-mark-9zdLj0Jt.js                       2.57 kB │ gzip:   1.41 kB
dist/server/assets/button-DRTOuf47.js                              3.03 kB │ gzip:   1.33 kB
dist/server/assets/createCsrfMiddleware-D6N-sqgn.js                3.22 kB │ gzip:   1.02 kB
dist/server/assets/contact-BklRzyfa.js                             3.29 kB │ gzip:   1.52 kB
dist/server/server.js                                              4.61 kB │ gzip:   1.92 kB
dist/server/assets/solutions-BG2XDrDT.js                           4.65 kB │ gzip:   2.11 kB
dist/server/assets/register.index-DYu7tBr9.js                      5.55 kB │ gzip:   2.14 kB
dist/server/assets/role-icon-BiJGgvXE.js                           6.14 kB │ gzip:   2.85 kB
dist/server/assets/the-problem-DnJKM_yd.js                         6.40 kB │ gzip:   2.58 kB
dist/server/assets/_tanstack-start-manifest_v-CRORLTYC.js          6.50 kB │ gzip:   1.24 kB
dist/server/assets/legal-DlVuAwIJ.js                               6.54 kB │ gzip:   2.89 kB
dist/server/assets/site-DFEqhY2V.js                                7.27 kB │ gzip:   3.24 kB
dist/server/assets/reveal-BsKN-B7h.js                              7.58 kB │ gzip:   3.08 kB
dist/server/assets/partners-CmACaGcD.js                           12.31 kB │ gzip:   3.57 kB
dist/server/assets/legal-CPK-a1Y_.js                              12.68 kB │ gzip:   3.14 kB
dist/server/assets/solutions-R62ptvZC2.js                         13.29 kB │ gzip:   3.57 kB
dist/server/assets/responsive-image-BxBAgn9r.js                   20.31 kB │ gzip:   6.68 kB
dist/server/assets/partner-page-D-fEsOZd.js                       30.11 kB │ gzip:   7.01 kB
dist/server/assets/partners-Dz76tLO7.js                           30.99 kB │ gzip:   8.76 kB
dist/server/assets/contact-BphX7xYh.js                            36.42 kB │ gzip:  10.04 kB
dist/server/assets/register._role-CYkFKozY.js                     38.59 kB │ gzip:   9.67 kB
dist/server/assets/platform-C-G1hUTW.js                           39.75 kB │ gzip:  10.74 kB
dist/server/assets/register-CqAFVcVp.js                           44.40 kB │ gzip:  11.95 kB
dist/server/assets/about-DzAv8Pz1.js                              44.61 kB │ gzip:  14.00 kB
dist/server/assets/server-CGYNZhHC.js                             56.68 kB │ gzip:  14.55 kB
dist/server/assets/router-Dv5nhugd.js                            100.89 kB │ gzip:  27.13 kB
dist/server/assets/routes-Um889Y97.js                            653.72 kB │ gzip: 139.10 kB

✓ built in 1.84s
The plugin "vite-tsconfig-paths" is detected. Vite now supports tsconfig paths resolution natively via the resolve.tsconfigPaths option. You can remove the plugin and set resolve.tsconfigPaths: true in your Vite config instead.
[prerender] Prerendering pages...
[prerender] Concurrency: 8
[prerender] Crawling: /
[prerender] Crawling: /the-problem
[prerender] Crawling: /solutions
[prerender] Crawling: /platform
[prerender] Crawling: /about
[prerender] Crawling: /contact
[prerender] Crawling: /legal
[prerender] Crawling: /register
[prerender] Crawling: /register/investor
[prerender] Crawling: /register/landlord
[prerender] Crawling: /register/developer
[prerender] Crawling: /register/housing-association
[prerender] Crawling: /register/local-authority
[prerender] Crawling: /register/care-provider
[prerender] Crawling: /register/support-provider
[prerender] Crawling: /register/social-worker
[prerender] Crawling: /register/broker
[prerender] Crawling: /register/resident
[prerender] Crawling: /partner-with-broker
[prerender] Crawling: /partner-with-care-provider
[prerender] Crawling: /partner-with-developer
[prerender] Crawling: /partner-with-housing-association
[prerender] Crawling: /partner-with-investor
[prerender] Crawling: /partner-with-landlord
[prerender] Crawling: /partner-with-local-authority
[prerender] Crawling: /partner-with-resident
[prerender] Crawling: /partner-with-social-worker
[prerender] Crawling: /partner-with-support-provider
[prerender] Crawling: /partners
[prerender] Crawling: /register/
[prerender] Crawling: /contact?enquiry=waitlist&amp;type=waitlist
[prerender] Crawling: /contact?enquiry=partner&amp;type=partner
[prerender] Crawling: /contact?enquiry=demo&amp;type=demo
[prerender] Crawling: /contact?enquiry=investor&amp;type=investor
[prerender] Crawling: /contact?enquiry=media&amp;type=media
[prerender] Crawling: /contact?enquiry=support&amp;type=support
[prerender] Prerendered 36 pages:
[prerender] - /
[prerender] - /the-problem
[prerender] - /solutions
[prerender] - /platform
[prerender] - /contact
[prerender] - /about
[prerender] - /legal
[prerender] - /register
[prerender] - /register/investor
[prerender] - /register/landlord
[prerender] - /register/developer
[prerender] - /register/housing-association
[prerender] - /register/local-authority
[prerender] - /register/support-provider
[prerender] - /register/care-provider
[prerender] - /register/social-worker
[prerender] - /register/broker
[prerender] - /register/resident
[prerender] - /partner-with-housing-association
[prerender] - /partner-with-care-provider
[prerender] - /partner-with-broker
[prerender] - /partner-with-developer
[prerender] - /partner-with-investor
[prerender] - /partner-with-landlord
[prerender] - /partner-with-local-authority
[prerender] - /contact?enquiry=waitlist&amp;type=waitlist
[prerender] - /partner-with-resident
[prerender] - /contact?enquiry=partner&amp;type=partner
[prerender] - /partner-with-support-provider
[prerender] - /partner-with-social-worker
[prerender] - /partners
[prerender] - /register/
[prerender] - /contact?enquiry=investor&amp;type=investor
[prerender] - /contact?enquiry=demo&amp;type=demo
[prerender] - /contact?enquiry=media&amp;type=media
[prerender] - /contact?enquiry=support&amp;type=support
